// Vitest Snapshot v1, https://vitest.dev/guide/snapshot.html

exports[`shared intent contract > pins the home, section, item and grades screens at 80 columns > grades 1`] = `
"algo-2 · 1 of 2 graded
┌───────────┬───────┬───────┬──────────────────────────────────────┐
│ Name      │ Grade │ Range │ Feedback                             │
├───────────┼───────┼───────┼──────────────────────────────────────┤
│ Mini Test │ -     │ 0–10  │ in 5 days · 2026-09-19T15:55:00+02:… │
│ Quiz      │ 8     │ 0–10  │ Well done                            │
└───────────┴───────┴───────┴──────────────────────────────────────┘

Try  moodle due --days 30 · moodle grades"
`;

exports[`shared intent contract > pins the home, section, item and grades screens at 80 columns > home 1`] = `
"Alex · https://moodle.example.edu · 2026-09-15 · Europe/Berlin

Due soon
  DB240  Mini Test  in 5 days · 2026-09-19T15:55:00+02:00  #1
  algo-2  Mini Test  in 5 days · 2026-09-19T15:55:00+02:00  #2
  STATS  Mini Test  in 5 days · 2026-09-19T15:55:00+02:00  #3
  assign  Mini Test  in 5 days · 2026-09-19T15:55:00+02:00  #4

Unread  0

Units  DB240 · algo-2 · STATS · Ethics in Computing
  DB240 · Week 7 (estimated) · 2026-10-12–2026-10-19
  algo-2 · Week 7 (estimated) · 2026-10-12–2026-10-19
  STATS · Week 7 (estimated) · 2026-10-12–2026-10-19
  Ethics in Computing · Week 7 (estimated) · 2026-10-12–2026-10-19

Try  moodle due --days 30 · moodle grades"
`;

exports[`shared intent contract > pins the home, section, item and grades screens at 80 columns > item 1`] = `
"Mini Test · assign · #201
unit id: 2
due: 2026-09-19T15:55:00+02:00
due at: 1789826100
url: https://moodle.example.edu/mod/assign/view.php?id=201
submission status: Not submitted
grading status: Not graded

Try  moodle get 201 --to DIR"
`;

exports[`shared intent contract > pins the home, section, item and grades screens at 80 columns > unit 1`] = `
"algo-2 · Algorithms
Current · Week 7 (estimated) · 2026-10-12–2026-10-19

Week 7
  resource  Week 7 Lecture slides  #200
  assign  Mini Test  #201

Try  moodle "algo-2" 7 · moodle "algo-2" grades"
`;
